version https://git-lfs.github.com/spec/v1
oid sha256:7fc8d5dd9c3414564250b9834ae97033da5e08324c8f016c9b089337a2d099f2
size 61
