version https://git-lfs.github.com/spec/v1
oid sha256:982e8e3db6d6202cd98934c4ffcc6cd0493cebf11e2a11ffaf9a5daa42f04ccd
size 22
