version https://git-lfs.github.com/spec/v1
oid sha256:4b007038df5f77b22f82824e008d54e224910abdc943addfc4dbaf76f9e09f4a
size 39
