version https://git-lfs.github.com/spec/v1
oid sha256:07dc5eb91113a8f916332d728216c7b569ff3d2bbe2f3c29a734931181af91ac
size 37
