version https://git-lfs.github.com/spec/v1
oid sha256:24a0e3e810ba444a9cc576f8b20c3e5bef45d57dc986a986470195326da9a45f
size 40
