version https://git-lfs.github.com/spec/v1
oid sha256:37fdbe74a4e56943cc901b449e6ba55a0543d3bfb13f10a7174541cb16e7169c
size 36
