version https://git-lfs.github.com/spec/v1
oid sha256:c3c04d56a5e9f29c17d1540f2bae016fdf3b263859a423ceb27539b21fbbb8c9
size 20
